
  File "<frozen runpy>", line 88, in _run_code

  File "/usr/local/lib/python3.11/site-packages/uvicorn/__main__.py", line 4, in <module>

    uvicorn.main()

  File "/usr/local/lib/python3.11/site-packages/click/core.py", line 1442, in __call__

    return self.main(*args, **kwargs)

           ^^^^^^^^^^^^^^^^^^^^^^^^^^

  File "/usr/local/lib/python3.11/site-packages/click/core.py", line 1363, in main

    rv = self.invoke(ctx)

         ^^^^^^^^^^^^^^^^

  File "/usr/local/lib/python3.11/site-packages/click/core.py", line 1226, in invoke

    return ctx.invoke(self.callback, **ctx.params)

           ^^^^^^^^^^^^^^^^^^^^^^^^^^^^^^^^^^^^^^^

  File "/usr/local/lib/python3.11/site-packages/click/core.py", line 794, in invoke

    return callback(*args, **kwargs)

           ^^^^^^^^^^^^^^^^^^^^^^^^^

  File "/usr/local/lib/python3.11/site-packages/uvicorn/main.py", line 413, in main

    run(

  File "/usr/local/lib/python3.11/site-packages/uvicorn/main.py", line 580, in run

    server.run()

  File "/usr/local/lib/python3.11/site-packages/uvicorn/server.py", line 67, in run

    return asyncio.run(self.serve(sockets=sockets))

           ^^^^^^^^^^^^^^^^^^^^^^^^^^^^^^^^^^^^^^^^

  File "/usr/local/lib/python3.11/asyncio/runners.py", line 190, in run

    return runner.run(main)

           ^^^^^^^^^^^^^^^^

  File "/usr/local/lib/python3.11/asyncio/runners.py", line 118, in run

    return self._loop.run_until_complete(task)

           ^^^^^^^^^^^^^^^^^^^^^^^^^^^^^^^^^^^

  File "uvloop/loop.pyx", line 1518, in uvloop.loop.Loop.run_until_complete

  File "/usr/local/lib/python3.11/site-packages/uvicorn/server.py", line 71, in serve

    await self._serve(sockets)

  File "/usr/local/lib/python3.11/site-packages/uvicorn/server.py", line 78, in _serve

    config.load()

  File "/usr/local/lib/python3.11/site-packages/uvicorn/config.py", line 436, in load

    self.loaded_app = import_from_string(self.app)

                      ^^^^^^^^^^^^^^^^^^^^^^^^^^^^

  File "/usr/local/lib/python3.11/site-packages/uvicorn/importer.py", line 22, in import_from_string

    raise exc from None

  File "/usr/local/lib/python3.11/site-packages/uvicorn/importer.py", line 19, in import_from_string

    module = importlib.import_module(module_str)

             ^^^^^^^^^^^^^^^^^^^^^^^^^^^^^^^^^^^

  File "/usr/local/lib/python3.11/importlib/__init__.py", line 126, in import_module

    return _bootstrap._gcd_import(name[level:], package, level)

           ^^^^^^^^^^^^^^^^^^^^^^^^^^^^^^^^^^^^^^^^^^^^^^^^^^^^

  File "<frozen importlib._bootstrap>", line 1204, in _gcd_import

  File "<frozen importlib._bootstrap>", line 1176, in _find_and_load

  File "<frozen importlib._bootstrap>", line 1126, in _find_and_load_unlocked

  File "<frozen importlib._bootstrap>", line 241, in _call_with_frames_removed

  File "<frozen importlib._bootstrap>", line 1204, in _gcd_import

  File "<frozen importlib._bootstrap>", line 1176, in _find_and_load

  File "<frozen importlib._bootstrap>", line 1140, in _find_and_load_unlocked

ModuleNotFoundError: No module named 'app'


